// Jest Snapshot v1, https://goo.gl/fbAQLP

exports[`macros 1. macros: 1. macros 1`] = `
"
// @flow
import { SketchPicker } from '../react-color.macro';

const DefaultPicker = SketchPicker;

export default () => <DefaultPicker />;
export const Picker = () => {
  const Picker = SketchPicker;
  return <Picker />;
}
export { SketchPicker };

      ↓ ↓ ↓ ↓ ↓ ↓

\\"use strict\\";

var _interopRequireDefault = require(\\"/home/mi6gan/projects/dodone/testbox/seine/node_modules/babel-preset-react-app/node_modules/@babel/runtime/helpers/interopRequireDefault\\");

Object.defineProperty(exports, \\"__esModule\\", {
  value: true
});
Object.defineProperty(exports, \\"SketchPicker\\", {
  enumerable: true,
  get: function () {
    return _Sketch.default;
  }
});
exports.Picker = exports.default = void 0;

var _Sketch = _interopRequireDefault(require(\\"react-color/lib/Sketch\\"));

var _jsxFileName = \\"/home/mi6gan/projects/dodone/testbox/seine/packages/helpers/__tests__/react-color.macro.test.js\\";
const DefaultPicker = _Sketch.default;

var _default = () => React.createElement(DefaultPicker, {
  __source: {
    fileName: _jsxFileName,
    lineNumber: 6
  },
  __self: void 0
});

exports.default = _default;

const Picker = () => {
  const Picker = _Sketch.default;
  return React.createElement(Picker, {
    __source: {
      fileName: _jsxFileName,
      lineNumber: 9
    },
    __self: void 0
  });
};

exports.Picker = Picker;
"
`;
